// Jest Snapshot v1, https://goo.gl/fbAQLP

exports[`Pruebas en componente AddCategory Mostrar de manera correcta el componente 1`] = `
<form
  onSubmit={[Function]}
>
  <h1 />
  <input
    onChange={[Function]}
    type="text"
    value=""
  />
</form>
`;
